../Core/Src/main.c:98:5:_write	24	static
../Core/Src/main.c:103:7:SoilMoisture_Convert	16	static
../Core/Src/main.c:110:6:Task_SHT30	24	static
../Core/Src/main.c:121:6:Task_Soil	16	static
../Core/Src/main.c:134:6:Task_LCD	48	static
../Core/Src/main.c:146:6:Process_Command	16	static
../Core/Src/main.c:189:5:main	8	static
../Core/Src/main.c:274:6:SystemClock_Config	88	static
../Core/Src/main.c:321:13:MX_ADC1_Init	24	static
../Core/Src/main.c:368:13:MX_I2C1_Init	8	static
../Core/Src/main.c:402:13:MX_I2C2_Init	8	static
../Core/Src/main.c:436:13:MX_TIM2_Init	32	static
../Core/Src/main.c:481:13:MX_USART1_UART_Init	8	static
../Core/Src/main.c:514:13:MX_GPIO_Init	24	static
../Core/Src/main.c:532:6:HAL_TIM_PeriodElapsedCallback	16	static
../Core/Src/main.c:540:6:HAL_UART_RxCpltCallback	16	static
../Core/Src/main.c:576:6:Error_Handler	4	static,ignoring_inline_asm
