../Core/Src/main.c:88:7:SoilMoisture_Convert	16	static
../Core/Src/main.c:96:6:Process_Command	72	static
../Core/Src/main.c:116:5:main	112	static
../Core/Src/main.c:234:6:SystemClock_Config	88	static
../Core/Src/main.c:281:13:MX_ADC1_Init	24	static
../Core/Src/main.c:328:13:MX_I2C1_Init	8	static
../Core/Src/main.c:362:13:MX_I2C2_Init	8	static
../Core/Src/main.c:396:13:MX_USART1_UART_Init	8	static
../Core/Src/main.c:429:13:MX_GPIO_Init	24	static
../Core/Src/main.c:446:6:HAL_UART_RxCpltCallback	16	static
../Core/Src/main.c:465:6:Error_Handler	4	static,ignoring_inline_asm
