../Core/Src/main.c:98:5:_write	1
../Core/Src/main.c:103:7:SoilMoisture_Convert	3
../Core/Src/main.c:110:6:Task_SHT30	1
../Core/Src/main.c:121:6:Task_Soil	2
../Core/Src/main.c:134:6:Task_LCD	1
../Core/Src/main.c:146:6:Process_Command	8
../Core/Src/main.c:189:5:main	10
../Core/Src/main.c:274:6:SystemClock_Config	4
../Core/Src/main.c:321:13:MX_ADC1_Init	3
../Core/Src/main.c:368:13:MX_I2C1_Init	2
../Core/Src/main.c:402:13:MX_I2C2_Init	2
../Core/Src/main.c:436:13:MX_TIM2_Init	4
../Core/Src/main.c:481:13:MX_USART1_UART_Init	2
../Core/Src/main.c:514:13:MX_GPIO_Init	1
../Core/Src/main.c:532:6:HAL_TIM_PeriodElapsedCallback	2
../Core/Src/main.c:540:6:HAL_UART_RxCpltCallback	9
../Core/Src/main.c:576:6:Error_Handler	1
