../Core/Src/main.c:89:5:_write	1
../Core/Src/main.c:94:7:SoilMoisture_Convert	3
../Core/Src/main.c:101:6:Task_SHT30	1
../Core/Src/main.c:118:6:Task_Soil	2
../Core/Src/main.c:136:6:Task_LCD	1
../Core/Src/main.c:154:6:Task_UART_Poll	6
../Core/Src/main.c:185:5:main	10
../Core/Src/main.c:287:6:SystemClock_Config	4
../Core/Src/main.c:334:13:MX_ADC1_Init	3
../Core/Src/main.c:381:13:MX_I2C1_Init	2
../Core/Src/main.c:415:13:MX_I2C2_Init	2
../Core/Src/main.c:449:13:MX_USART1_UART_Init	2
../Core/Src/main.c:482:13:MX_GPIO_Init	1
../Core/Src/main.c:507:6:Error_Handler	1
